// Vitest Snapshot v1

exports[`TheAnimalTable > mounts and is still the same 1`] = `
"<div class=\\"bg-amber-50\\" data-v-5893c39c=\\"\\">
  <table class=\\"table-auto\\" data-v-5893c39c=\\"\\">
    <thead data-v-5893c39c=\\"\\">
      <tr class=\\"bg-amber-400\\" data-v-5893c39c=\\"\\">
        <th class=\\"pl-2\\" data-v-5893c39c=\\"\\">Index</th>
        <th data-v-5893c39c=\\"\\">Species</th>
        <th data-v-5893c39c=\\"\\">Name</th>
        <th data-v-5893c39c=\\"\\">Gender</th>
        <th data-v-5893c39c=\\"\\">Age (yrs)</th>
        <th data-v-5893c39c=\\"\\">Weight (kg)</th>
        <th data-v-5893c39c=\\"\\">Height (m)</th>
        <th data-v-5893c39c=\\"\\">Favourite fruit</th>
        <th data-v-5893c39c=\\"\\">Amount of food (kg)</th>
      </tr>
    </thead>
    <tbody data-v-5893c39c=\\"\\"></tbody>
  </table>
</div>"
`;
